// Jest Snapshot v1, https://goo.gl/fbAQLP

exports[`Start renders expected snapshot 1`] = `
<div>
  <div
    className="header"
  >
    <div
      className="headerName"
    >
      Enter the subreddit and click Go
    </div>
  </div>
  <div
    className="body"
  >
    <div
      className="picker"
    >
      /r/
      <input
        onChange={[Function]}
        type="text"
        value="oddlysatisfying"
      />
    </div>
    <button
      onClick={[Function]}
    >
      Go
    </button>
  </div>
</div>
`;
