// Jest Snapshot v1, https://goo.gl/fbAQLP

exports[`renders expected snapshot 1`] = `
<div
  className="thumbnail"
>
  <img
    className="thumbnailImage"
    onError={[Function]}
    src="test"
  />
</div>
`;
